
mysql> show databases;
+---------------------+
| Database            |
+---------------------+
| addressbook_service |
| information_schema  |
| mysql               |
| payroll_service     |
| performance_schema  |
| sakila              |
| sys                 |
| world               |
+---------------------+
8 rows in set (0.02 sec)

mysql> use payroll_service;
Database changed
mysql> show tables
    -> ;
+---------------------------+
| Tables_in_payroll_service |
+---------------------------+
| employee_payroll          |
+---------------------------+
1 row in set (0.01 sec)

mysql> describe employee_payroll;
+--------+-------------+------+-----+---------+----------------+
| Field  | Type        | Null | Key | Default | Extra          |
+--------+-------------+------+-----+---------+----------------+
| id     | int         | NO   | PRI | NULL    | auto_increment |
| name   | varchar(30) | NO   |     | NULL    |                |
| gender | char(1)     | YES  |     | NULL    |                |
| salary | double      | YES  |     | NULL    |                |
| start  | date        | YES  |     | NULL    |                |
+--------+-------------+------+-----+---------+----------------+
5 rows in set (0.02 sec)

mysql> select * from employee_payroll;
+----+-------+--------+--------+------------+
| id | name  | gender | salary | start      |
+----+-------+--------+--------+------------+
|  1 | alex  | M      |  10000 | 2020-03-04 |
|  2 | priya | F      |  15000 | 2021-08-14 |
|  3 | peter | M      |  17000 | 2020-05-24 |
+----+-------+--------+--------+------------+
3 rows in set (0.02 sec)

mysql>
============================================================================
Ability to extend employee_payroll data to store employee information like employee phone, address and department 
toExtendEmployee_payroll-8UC 

mysql> ALTER TABLE employee_payroll
    -> ADD employee_phone BIGINT,
    -> ADD address VARCHAR(255),
    -> ADD department VARCHAR(30);
Query OK, 0 rows affected (0.03 sec)
Records: 0  Duplicates: 0  Warnings: 0

mysql> describe employee_payroll;
+----------------+--------------+------+-----+---------+----------------+
| Field          | Type         | Null | Key | Default | Extra          |
+----------------+--------------+------+-----+---------+----------------+
| id             | int          | NO   | PRI | NULL    | auto_increment |
| name           | varchar(30)  | NO   |     | NULL    |                |
| gender         | char(1)      | YES  |     | NULL    |                |
| salary         | double       | YES  |     | NULL    |                |
| start          | date         | YES  |     | NULL    |                |
| employee_phone | bigint       | YES  |     | NULL    |                |
| address        | varchar(255) | YES  |     | NULL    |                |
| department     | varchar(30)  | YES  |     | NULL    |                |
+----------------+--------------+------+-----+---------+----------------+
8 rows in set (0.00 sec)

mysql> ALTER TABLE employee_payroll MODIFY department VARCHAR(30) NOT NULL;
Query OK, 0 rows affected (0.05 sec)
Records: 0  Duplicates: 0  Warnings: 0

mysql> ALTER TABLE employee_payroll
    -> ALTER COLUMN address SET DEFAULT 'mumbai';
Query OK, 0 rows affected (0.01 sec)
Records: 0  Duplicates: 0  Warnings: 0

mysql> describe employee_payroll;
+----------------+--------------+------+-----+---------+----------------+
| Field          | Type         | Null | Key | Default | Extra          |
+----------------+--------------+------+-----+---------+----------------+
| id             | int          | NO   | PRI | NULL    | auto_increment |
| name           | varchar(30)  | NO   |     | NULL    |                |
| gender         | char(1)      | YES  |     | NULL    |                |
| salary         | double       | YES  |     | NULL    |                |
| start          | date         | YES  |     | NULL    |                |
| employee_phone | bigint       | YES  |     | NULL    |                |
| address        | varchar(255) | YES  |     | mumbai  |                |
| department     | varchar(30)  | NO   |     | NULL    |                |
+----------------+--------------+------+-----+---------+----------------+
8 rows in set (0.00 sec)

mysql> INSERT INTO employee_payroll (name, gender, salary, start, employee_phone)
    -> VALUES ("adnan", 'M', 25000, '2020-03-11', 7896541230);
ERROR 1364 (HY000): Field 'department' doesn't have a default value

mysql> INSERT INTO employee_payroll (name, gender, salary, start, employee_phone, department)
    -> VALUES ("adnan", 'M', 25000, '2020-03-11', 7896541230, 'IT');
Query OK, 1 row affected (0.00 sec)

mysql> select * from employee_payroll;
+----+-------+--------+--------+------------+----------------+---------+------------+
| id | name  | gender | salary | start      | employee_phone | address | department |
+----+-------+--------+--------+------------+----------------+---------+------------+
|  1 | alex  | M      |  10000 | 2020-03-04 |           NULL | NULL    | 0          |
|  2 | priya | F      |  15000 | 2021-08-14 |           NULL | NULL    | 0          |
|  3 | peter | M      |  17000 | 2020-05-24 |           NULL | NULL    | 0          |
|  4 | adnan | M      |  25000 | 2020-03-11 |     7896541230 | mumbai  | IT         |
+----+-------+--------+--------+------------+----------------+---------+------------+
4 rows in set (0.00 sec)
=========================================================================
To extend employee_payroll table to have Basic Pay, Deductions, Taxable Pay, Income Tax, Net Pay
toExtendEmployee_payrollToHaveBasic_Deductions_Taxable_IncomeTax_NetPay-9UC 

mysql>  ALTER TABLE employee_payroll
    -> ADD Basic_Pay double,
    -> ADD Deductions double,
    -> ADD Taxable_Pay double,
    -> ADD Income_Tax double,
    -> ADD Net_Pay double;
Query OK, 0 rows affected (0.03 sec)
Records: 0  Duplicates: 0  Warnings: 0

mysql> select * from employee_payroll;
+----+-------+--------+--------+------------+----------------+---------+------------+-----------+------------+-------------+------------+---------+
| id | name  | gender | salary | start      | employee_phone | address | department | Basic_Pay | Deductions | Taxable_Pay | Income_Tax | Net_Pay |
+----+-------+--------+--------+------------+----------------+---------+------------+-----------+------------+-------------+------------+---------+
|  1 | alex  | M      |  10000 | 2020-03-04 |           NULL | NULL    | 0          |      NULL |       NULL |        NULL |       NULL |    NULL |
|  2 | priya | F      |  15000 | 2021-08-14 |           NULL | NULL    | 0          |      NULL |       NULL |        NULL |       NULL |    NULL |
|  3 | peter | M      |  17000 | 2020-05-24 |           NULL | NULL    | 0          |      NULL |       NULL |        NULL |       NULL |    NULL |
|  4 | adnan | M      |  25000 | 2020-03-11 |     7896541230 | mumbai  | IT         |      NULL |       NULL |        NULL |       NULL |    NULL |
+----+-------+--------+--------+------------+----------------+---------+------------+-----------+------------+-------------+------------+---------+
4 rows in set (0.00 sec)
mysql> select * from employee_payroll;
+----+-------+--------+--------+------------+----------------+---------+------------+-----------+------------+-------------+------------+---------+
| id | name  | gender | salary | start      | employee_phone | address | department | Basic_Pay | Deductions | Taxable_Pay | Income_Tax | Net_Pay |
+----+-------+--------+--------+------------+----------------+---------+------------+-----------+------------+-------------+------------+---------+
|  1 | alex  | M      |  10000 | 2020-03-04 |     9874563210 | mumbai  | IT         |   3000000 |    1000000 |     2000000 |     500000 | 1500000 |
|  2 | priya | F      |  15000 | 2021-08-14 |     8874963210 | mumbai  | IT         |   3500000 |    1500000 |     2500000 |     550000 | 1550000 |
|  3 | peter | M      |  17000 | 2020-05-24 |     9456317890 | mumbai  | IT         |   3000000 |    1000000 |     2000000 |     500000 | 1500000 |
|  4 | adnan | M      |  25000 | 2020-03-11 |     7896541230 | mumbai  | IT         |   3500000 |    1500000 |     2500000 |     550000 | 1550000 |
+----+-------+--------+--------+------------+----------------+---------+------------+-----------+------------+-------------+------------+---------+
4 rows in set (0.00 sec)

mysql>
============================================================================================================
To make priya as part of Sales and IT Department
toMakeTerissaAsPartOfSalesAndMarketingDepartment-UC10

mysql> select * from employee_payroll;
+----+-------+--------+--------+------------+----------------+---------+------------+-----------+------------+-------------+------------+---------+
| id | name  | gender | salary | start      | employee_phone | address | department | Basic_Pay | Deductions | Taxable_Pay | Income_Tax | Net_Pay |
+----+-------+--------+--------+------------+----------------+---------+------------+-----------+------------+-------------+------------+---------+
|  1 | alex  | M      |  10000 | 2020-03-04 |     9874563210 | mumbai  | IT         |   3000000 |    1000000 |     2000000 |     500000 | 1500000 |
|  2 | priya | F      |  15000 | 2021-08-14 |     8874963210 | mumbai  | IT         |   3500000 |    1500000 |     2500000 |     550000 | 1550000 |
|  3 | peter | M      |  17000 | 2020-05-24 |     9456317890 | mumbai  | IT         |   3000000 |    1000000 |     2000000 |     500000 | 1500000 |
|  4 | adnan | M      |  25000 | 2020-03-11 |     7896541230 | mumbai  | IT         |   3500000 |    1500000 |     2500000 |     550000 | 1550000 |
+----+-------+--------+--------+------------+----------------+---------+------------+-----------+------------+-------------+------------+---------+
4 rows in set (0.00 sec)

mysql>
mysql> INSERT INTO employee_payroll (name, gender, salary, start, employee_phone, department, Basic_Pay, Deductions, Taxable_Pay, Income_Tax, Net_Pay)
    -> VALUES ("priya", 'F', 25000, '2020-05-14', 8963147890, 'sales', 3000000, 1000000, 2000000, 500000, 1500000);
Query OK, 1 row affected (0.00 sec)

mysql> select * from employee_payroll;
+----+-------+--------+--------+------------+----------------+---------+------------+-----------+------------+-------------+------------+---------+
| id | name  | gender | salary | start      | employee_phone | address | department | Basic_Pay | Deductions | Taxable_Pay | Income_Tax | Net_Pay |
+----+-------+--------+--------+------------+----------------+---------+------------+-----------+------------+-------------+------------+---------+
|  1 | alex  | M      |  10000 | 2020-03-04 |     9874563210 | mumbai  | IT         |   3000000 |    1000000 |     2000000 |     500000 | 1500000 |
|  2 | priya | F      |  15000 | 2021-08-14 |     8874963210 | mumbai  | IT         |   3500000 |    1500000 |     2500000 |     550000 | 1550000 |
|  3 | peter | M      |  17000 | 2020-05-24 |     9456317890 | mumbai  | IT         |   3000000 |    1000000 |     2000000 |     500000 | 1500000 |
|  4 | adnan | M      |  25000 | 2020-03-11 |     7896541230 | mumbai  | IT         |   3500000 |    1500000 |     2500000 |     550000 | 1550000 |
|  5 | priya | F      |  25000 | 2020-05-14 |     8963147890 | mumbai  | sales      |   3000000 |    1000000 |     2000000 |     500000 | 1500000 |
+----+-------+--------+--------+------------+----------------+---------+------------+-----------+------------+-------------+------------+---------+
5 rows in set (0.00 sec)

mysql>
==========================================================================================
